2026-08-29 01:54:18,099 - INFO - IPTV_Processor - 开始IPTV处理...
2026-08-29 01:54:18,100 - INFO - IPTV_Processor - 输出配置: 后缀启用=False, 最大URL数=10
2026-08-29 01:54:18,100 - INFO - IPTV_Processor - 找到分类: 央视频道
2026-08-29 01:54:18,100 - INFO - IPTV_Processor - 找到分类: 福建频道
2026-08-29 01:54:18,100 - INFO - IPTV_Processor - 找到分类: 卫视频道
2026-08-29 01:54:18,100 - INFO - IPTV_Processor - 找到分类: 体育频道
2026-08-29 01:54:18,100 - INFO - IPTV_Processor - 找到分类: 港·澳·台
2026-08-29 01:54:18,100 - INFO - IPTV_Processor - 找到分类: 少儿频道
2026-08-29 01:54:18,100 - INFO - IPTV_Processor - 找到分类: 影视频道
2026-08-29 01:54:18,100 - INFO - IPTV_Processor - 找到分类: 仅学习勿商用
2026-08-29 01:54:18,100 - INFO - IPTV_Processor - 模板解析完成，共 8 个分类
2026-08-29 01:54:18,288 - INFO - IPTV_Processor - URL: https://raw.githubusercontent.com/xmlim/ziyong/main/FJTELE.m3u 获取成功，格式: m3u
2026-08-29 01:54:18,289 - INFO - IPTV_Processor - URL: https://raw.githubusercontent.com/xmlim/ziyong/main/FJTELE.m3u 处理完成，分类数: 1, 频道总数: 113
2026-08-29 01:54:18,291 - INFO - IPTV_Processor - URL: https://raw.githubusercontent.com/xmlim/ziyong/main/FJCMCC.m3u 获取成功，格式: m3u
2026-08-29 01:54:18,291 - INFO - IPTV_Processor - URL: https://raw.githubusercontent.com/xmlim/ziyong/main/FJCMCC.m3u 处理完成，分类数: 1, 频道总数: 58
2026-08-29 01:54:18,441 - INFO - IPTV_Processor - URL: https://raw.githubusercontent.com/xmlim/1/main/FJCUCC.M3U 获取成功，格式: m3u
2026-08-29 01:54:18,442 - INFO - IPTV_Processor - URL: https://raw.githubusercontent.com/xmlim/1/main/FJCUCC.M3U 处理完成，分类数: 1, 频道总数: 0
2026-08-29 01:54:18,797 - INFO - IPTV_Processor - 频道匹配完成，共匹配 134 个频道
2026-08-29 01:54:18,798 - INFO - IPTV_Processor - 处理进度: 10/148
2026-08-29 01:54:18,798 - INFO - IPTV_Processor - 处理进度: 20/148
2026-08-29 01:54:18,798 - INFO - IPTV_Processor - 处理进度: 30/148
2026-08-29 01:54:18,798 - INFO - IPTV_Processor - 处理进度: 40/148
2026-08-29 01:54:18,798 - INFO - IPTV_Processor - 处理进度: 50/148
2026-08-29 01:54:18,798 - INFO - IPTV_Processor - 处理进度: 60/148
2026-08-29 01:54:18,799 - INFO - IPTV_Processor - 处理进度: 70/148
2026-08-29 01:54:18,799 - INFO - IPTV_Processor - 处理进度: 80/148
2026-08-29 01:54:18,799 - INFO - IPTV_Processor - 处理进度: 90/148
2026-08-29 01:54:18,799 - INFO - IPTV_Processor - 处理进度: 100/148
2026-08-29 01:54:18,799 - INFO - IPTV_Processor - 处理进度: 110/148
2026-08-29 01:54:18,799 - INFO - IPTV_Processor - 处理进度: 120/148
2026-08-29 01:54:18,799 - INFO - IPTV_Processor - 处理进度: 130/148
2026-08-29 01:54:18,799 - INFO - IPTV_Processor - 处理进度: 140/148
2026-08-29 01:54:18,799 - INFO - IPTV_Processor - 频道链接处理完成
2026-08-29 01:54:18,800 - INFO - IPTV_Processor - 文件生成完成: output/live.m3u, output/live.txt
2026-08-29 01:54:18,800 - INFO - IPTV_Processor - 主文件: output/live.m3u (电视APP兼容格式)
2026-08-29 01:54:18,800 - INFO - IPTV_Processor - IPTV处理完成
2026-08-29 01:54:18,800 - INFO - IPTV_Processor - 请使用 output/live.m3u 或 output/live.txt 在电视APP中播放
